<html>
<body>
<pre>
<h1>礦ision Build Log</h1>
<h2>Tool Versions:</h2>
IDE-Version: μVision V5.15
Copyright (C) 2015 ARM Ltd and ARM Germany GmbH. All rights reserved.
License Information: jj jjj, jjj, LIC=P6FVE-5HPX8-KSQYM-XTHSR-K9DMI-Y1G5U
 
Tool Versions:
Toolchain:       MDK-ARM Professional  Version: 5.15.0
Toolchain Path:  C:\mdk\ARM\ARMCC\Bin
C Compiler:      Armcc.exe V5.05 update 2 (build 169)
Assembler:       Armasm.exe V5.05 update 2 (build 169)
Linker/Locator:  ArmLink.exe V5.05 update 2 (build 169)
Library Manager: ArmAr.exe V5.05 update 2 (build 169)
Hex Converter:   FromElf.exe V5.05 update 2 (build 169)
CPU DLL:         SARMCM3.DLL V5.15.0
Dialog DLL:      DCM.DLL V1.13.2.0
Target DLL:      Segger\JL2CM3.dll V2.99.15.0
Dialog DLL:      TCM.DLL V1.14.5.0
 
<h2>Project:</h2>
C:\Users\certainly\Desktop\experimenrt\操作系统\抢占式OS V3\USER\My_STM32.uvprojx
Project File Date:  11/28/2020

<h2>Output:</h2>
*** Using Compiler 'V5.05 update 2 (build 169)', folder: 'C:\mdk\ARM\ARMCC\Bin'
Rebuild target 'Target 1'
compiling main.c...
main.c(95): warning:  #223-D: function "printf" declared implicitly
                printf("??一执???瓯?\r\n");
main.c(111): warning:  #223-D: function "printf" declared implicitly
                printf("?潭?执???瓯?\r\n");
main.c(120): warning:  #223-D: function "uart_init" declared implicitly
        uart_init(115200);
main.c: 3 warnings, 0 errors
compiling stm32f10x_it.c...
compiling system_stm32f10x.c...
compiling core_cm3.c...
assembling startup_stm32f10x_hd.s...
compiling stm32f10x_gpio.c...
compiling misc.c...
compiling stm32f10x_rcc.c...
compiling stm32f10x_tim.c...
compiling stm32f10x_usart.c...
compiling stm32f10x_fsmc.c...
compiling delay.c...
compiling sys.c...
compiling usart.c...
compiling led.c...
compiling lcd.c...
assembling core.asm...
compiling os.c...
compiling malloc.c...
linking...
Program Size: Code=3724 RO-data=336 RW-data=76 ZI-data=19884  
FromELF: creating hex file...
".\Objects\My_STM32.axf" - 0 Error(s), 3 Warning(s).

<h2>Collection of Component include folders:</h2>
  C:\Users\certainly\Desktop\experimenrt\操作系统\抢占式OS V3\USER\RTE
  C:\mdk\ARM\PACK\Keil\STM32F1xx_DFP\2.2.0\Device\Include

<h2>Collection of Component Files used:</h2>
</pre>
</body>
</html>
